This is pdfTeX, Version 3.141592653-2.6-1.40.25 (TeX Live 2023) (preloaded format=pdflatex 2024.2.28)  13 JAN 2026 10:56
entering extended mode
 restricted \write18 enabled.
 %&-line parsing enabled.
**elsarticle-template-num.tex
(./elsarticle-template-num.tex
LaTeX2e <2022-11-01> patch level 1
L3 programming layer <2023-02-22>
(/usr/local/texlive/2023/texmf-dist/tex/latex/elsarticle/elsarticle.cls
Document Class: elsarticle 2020/11/20, 3.3: Elsevier Ltd
(/usr/local/texlive/2023/texmf-dist/tex/latex/l3kernel/expl3.sty
Package: expl3 2023-02-22 L3 programming layer (loader) 

(/usr/local/texlive/2023/texmf-dist/tex/latex/l3backend/l3backend-pdftex.def
File: l3backend-pdftex.def 2023-01-16 L3 backend support: PDF output (pdfTeX)
\l__color_backend_stack_int=\count185
\l__pdf_internal_box=\box51
))
(/usr/local/texlive/2023/texmf-dist/tex/latex/l3packages/xparse/xparse.sty
Package: xparse 2023-02-02 L3 Experimental document command parser
)
(/usr/local/texlive/2023/texmf-dist/tex/latex/etoolbox/etoolbox.sty
Package: etoolbox 2020/10/05 v2.5k e-TeX tools for LaTeX (JAW)
\etb@tempcnta=\count186
)
\@bls=\dimen140

(/usr/local/texlive/2023/texmf-dist/tex/latex/base/article.cls
Document Class: article 2022/07/02 v1.4n Standard LaTeX document class
(/usr/local/texlive/2023/texmf-dist/tex/latex/base/size12.clo
File: size12.clo 2022/07/02 v1.4n Standard LaTeX file (size option)
)
\c@part=\count187
\c@section=\count188
\c@subsection=\count189
\c@subsubsection=\count190
\c@paragraph=\count191
\c@subparagraph=\count192
\c@figure=\count193
\c@table=\count194
\abovecaptionskip=\skip48
\belowcaptionskip=\skip49
\bibindent=\dimen141
)
(/usr/local/texlive/2023/texmf-dist/tex/latex/graphics/graphicx.sty
Package: graphicx 2021/09/16 v1.2d Enhanced LaTeX Graphics (DPC,SPQR)

(/usr/local/texlive/2023/texmf-dist/tex/latex/graphics/keyval.sty
Package: keyval 2022/05/29 v1.15 key=value parser (DPC)
\KV@toks@=\toks16
)
(/usr/local/texlive/2023/texmf-dist/tex/latex/graphics/graphics.sty
Package: graphics 2022/03/10 v1.4e Standard LaTeX Graphics (DPC,SPQR)

(/usr/local/texlive/2023/texmf-dist/tex/latex/graphics/trig.sty
Package: trig 2021/08/11 v1.11 sin cos tan (DPC)
)
(/usr/local/texlive/2023/texmf-dist/tex/latex/graphics-cfg/graphics.cfg
File: graphics.cfg 2016/06/04 v1.11 sample graphics configuration
)
Package graphics Info: Driver file: pdftex.def on input line 107.

(/usr/local/texlive/2023/texmf-dist/tex/latex/graphics-def/pdftex.def
File: pdftex.def 2022/09/22 v1.2b Graphics/color driver for pdftex
))
\Gin@req@height=\dimen142
\Gin@req@width=\dimen143
)
\c@tnote=\count195
\c@fnote=\count196
\c@cnote=\count197
\c@ead=\count198
\c@author=\count199
\@eadauthor=\toks17
\c@affn=\count266
\absbox=\box52
\elsarticlehighlightsbox=\box53
\elsarticlegrabsbox=\box54
\keybox=\box55
\Columnwidth=\dimen144
\space@left=\dimen145
\els@boxa=\box56
\els@boxb=\box57
\leftMargin=\dimen146
\@enLab=\toks18
\@sep=\skip50
\@@sep=\skip51

(./elsarticle-template-num.spl)
(/usr/local/texlive/2023/texmf-dist/tex/latex/natbib/natbib.sty
Package: natbib 2010/09/13 8.31b (PWD, AO)
\bibhang=\skip52
\bibsep=\skip53
LaTeX Info: Redefining \cite on input line 694.
\c@NAT@ctr=\count267
)
\splwrite=\write3
\openout3 = `elsarticle-template-num.spl'.

\appnamewidth=\dimen147
)
(/usr/local/texlive/2023/texmf-dist/tex/latex/amsmath/amsmath.sty
Package: amsmath 2022/04/08 v2.17n AMS math features
\@mathmargin=\skip54

For additional information on amsmath, use the `?' option.
(/usr/local/texlive/2023/texmf-dist/tex/latex/amsmath/amstext.sty
Package: amstext 2021/08/26 v2.01 AMS text

(/usr/local/texlive/2023/texmf-dist/tex/latex/amsmath/amsgen.sty
File: amsgen.sty 1999/11/30 v2.0 generic functions
\@emptytoks=\toks19
\ex@=\dimen148
))
(/usr/local/texlive/2023/texmf-dist/tex/latex/amsmath/amsbsy.sty
Package: amsbsy 1999/11/29 v1.2d Bold Symbols
\pmbraise@=\dimen149
)
(/usr/local/texlive/2023/texmf-dist/tex/latex/amsmath/amsopn.sty
Package: amsopn 2022/04/08 v2.04 operator names
)
\inf@bad=\count268
LaTeX Info: Redefining \frac on input line 234.
\uproot@=\count269
\leftroot@=\count270
LaTeX Info: Redefining \overline on input line 399.
LaTeX Info: Redefining \colon on input line 410.
\classnum@=\count271
\DOTSCASE@=\count272
LaTeX Info: Redefining \ldots on input line 496.
LaTeX Info: Redefining \dots on input line 499.
LaTeX Info: Redefining \cdots on input line 620.
\Mathstrutbox@=\box58
\strutbox@=\box59
LaTeX Info: Redefining \big on input line 722.
LaTeX Info: Redefining \Big on input line 723.
LaTeX Info: Redefining \bigg on input line 724.
LaTeX Info: Redefining \Bigg on input line 725.
\big@size=\dimen150
LaTeX Font Info:    Redeclaring font encoding OML on input line 743.
LaTeX Font Info:    Redeclaring font encoding OMS on input line 744.
\macc@depth=\count273
LaTeX Info: Redefining \bmod on input line 905.
LaTeX Info: Redefining \pmod on input line 910.
LaTeX Info: Redefining \smash on input line 940.
LaTeX Info: Redefining \relbar on input line 970.
LaTeX Info: Redefining \Relbar on input line 971.
\c@MaxMatrixCols=\count274
\dotsspace@=\muskip16
\c@parentequation=\count275
\dspbrk@lvl=\count276
\tag@help=\toks20
\row@=\count277
\column@=\count278
\maxfields@=\count279
\andhelp@=\toks21
\eqnshift@=\dimen151
\alignsep@=\dimen152
\tagshift@=\dimen153
\tagwidth@=\dimen154
\totwidth@=\dimen155
\lineht@=\dimen156
\@envbody=\toks22
\multlinegap=\skip55
\multlinetaggap=\skip56
\mathdisplay@stack=\toks23
LaTeX Info: Redefining \[ on input line 2953.
LaTeX Info: Redefining \] on input line 2954.
)
(/usr/local/texlive/2023/texmf-dist/tex/latex/amsfonts/amssymb.sty
Package: amssymb 2013/01/14 v3.01 AMS font symbols

(/usr/local/texlive/2023/texmf-dist/tex/latex/amsfonts/amsfonts.sty
Package: amsfonts 2013/01/14 v3.01 Basic AMSFonts support
\symAMSa=\mathgroup4
\symAMSb=\mathgroup5
LaTeX Font Info:    Redeclaring math symbol \hbar on input line 98.
LaTeX Font Info:    Overwriting math alphabet `\mathfrak' in version `bold'
(Font)                  U/euf/m/n --> U/euf/b/n on input line 106.
))
(/usr/local/texlive/2023/texmf-dist/tex/latex/amscls/amsthm.sty
Package: amsthm 2020/05/29 v2.20.6
\thm@style=\toks24
\thm@bodyfont=\toks25
\thm@headfont=\toks26
\thm@notefont=\toks27
\thm@headpunct=\toks28
\thm@preskip=\skip57
\thm@postskip=\skip58
\thm@headsep=\skip59
\dth@everypar=\toks29
LaTeX Info: Redefining \qed on input line 273.
)
(/usr/local/texlive/2023/texmf-dist/tex/latex/wasysym/wasysym.sty
Package: wasysym 2020/01/19 v2.4 Wasy-2 symbol support package
\symwasy=\mathgroup6
LaTeX Font Info:    Overwriting symbol font `wasy' in version `bold'
(Font)                  U/wasy/m/n --> U/wasy/b/n on input line 93.
)
(/usr/local/texlive/2023/texmf-dist/tex/latex/tools/array.sty
Package: array 2022/09/04 v2.5g Tabular extension package (FMi)
\col@sep=\dimen157
\ar@mcellbox=\box60
\extrarowheight=\dimen158
\NC@list=\toks30
\extratabsurround=\skip60
\backup@length=\skip61
\ar@cellbox=\box61
)
(/usr/local/texlive/2023/texmf-dist/tex/latex/booktabs/booktabs.sty
Package: booktabs 2020/01/12 v1.61803398 Publication quality tables
\heavyrulewidth=\dimen159
\lightrulewidth=\dimen160
\cmidrulewidth=\dimen161
\belowrulesep=\dimen162
\belowbottomsep=\dimen163
\aboverulesep=\dimen164
\abovetopsep=\dimen165
\cmidrulesep=\dimen166
\cmidrulekern=\dimen167
\defaultaddspace=\dimen168
\@cmidla=\count280
\@cmidlb=\count281
\@aboverulesep=\dimen169
\@belowrulesep=\dimen170
\@thisruleclass=\count282
\@lastruleclass=\count283
\@thisrulewidth=\dimen171
)
(/usr/local/texlive/2023/texmf-dist/tex/latex/caption/caption.sty
Package: caption 2023/03/12 v3.6j Customizing captions (AR)

(/usr/local/texlive/2023/texmf-dist/tex/latex/caption/caption3.sty
Package: caption3 2023/03/12 v2.4 caption3 kernel (AR)
\caption@tempdima=\dimen172
\captionmargin=\dimen173
\caption@leftmargin=\dimen174
\caption@rightmargin=\dimen175
\caption@width=\dimen176
\caption@indent=\dimen177
\caption@parindent=\dimen178
\caption@hangindent=\dimen179
Package caption Info: elsarticle document class detected.

(/usr/local/texlive/2023/texmf-dist/tex/latex/caption/caption-elsarticle.sto
File: caption-elsarticle.sto 2020/08/22 v2.0 Adaption of the caption package to
 the elsarticle document class (AR)
))
\c@caption@flags=\count284
\c@continuedfloat=\count285
) (/usr/local/texlive/2023/texmf-dist/tex/latex/caption/subcaption.sty
Package: subcaption 2023/02/19 v1.6 Sub-captions (AR)
Package caption Info: New subtype `subfigure' on input line 239.
\c@subfigure=\count286
Package caption Info: New subtype `subtable' on input line 239.
\c@subtable=\count287
)
(/usr/local/texlive/2023/texmf-dist/tex/latex/tools/tabularx.sty
Package: tabularx 2020/01/15 v2.11c `tabularx' package (DPC)
\TX@col@width=\dimen180
\TX@old@table=\dimen181
\TX@old@col=\dimen182
\TX@target=\dimen183
\TX@delta=\dimen184
\TX@cols=\count288
\TX@ftn=\toks31
)
(/usr/local/texlive/2023/texmf-dist/tex/latex/tabularray/tabularray.sty
Package: tabularray 2023-03-01 v2023A Typeset tabulars and arrays with LaTeX3
\l__tblr_a_int=\count289
\l__tblr_c_int=\count290
\l__tblr_r_int=\count291
\l__tblr_d_dim=\dimen185
\l__tblr_h_dim=\dimen186
\l__tblr_o_dim=\dimen187
\l__tblr_p_dim=\dimen188
\l__tblr_q_dim=\dimen189
\l__tblr_r_dim=\dimen190
\l__tblr_s_dim=\dimen191
\l__tblr_t_dim=\dimen192
\l__tblr_v_dim=\dimen193
\l__tblr_w_dim=\dimen194
\l__tblr_a_box=\box62
\l__tblr_b_box=\box63
\l__tblr_c_box=\box64
\l__tblr_d_box=\box65
\g__tblr_table_count_int=\count292
\c@rownum=\count293
\c@colnum=\count294
\c@rowcount=\count295
\c@colcount=\count296
\abovesep=\dimen195
\belowsep=\dimen196
\leftsep=\dimen197
\rightsep=\dimen198
\g_tblr_level_int=\count297
\g__tblr_data_row_key_count_int=\count298
\g__tblr_data_column_key_count_int=\count299
\g__tblr_data_cell_key_count_int=\count300
\g__tblr_array_int=\count301
\l__tblr_key_count_int=\count302
\l__tblr_key_quotient_int=\count303
\l__tblr_key_quotient_two_int=\count304
\l__tblr_key_remainder_int=\count305
\g__tblr_data_str_value_count_int=\count306
\rulewidth=\dimen199
\l__tblr_strut_dp_dim=\dimen256
\l__tblr_strut_ht_dim=\dimen257
\g__tblr_cell_wd_dim=\dimen258
\g__tblr_cell_ht_dim=\dimen259
\g__tblr_cell_head_dim=\dimen260
\g__tblr_cell_foot_dim=\dimen261
\l__column_target_dim=\dimen262
\l__tblr_caption_box=\box66
\l__tblr_caption_left_box=\box67
\l__tblr_row_head_box=\box68
\l__tblr_row_foot_box=\box69
\l__tblr_row_head_foot_dim=\dimen263
\tablewidth=\dimen264
\l__tblr_table_firsthead_box=\box70
\l__tblr_table_middlehead_box=\box71
\l__tblr_table_lasthead_box=\box72
\l__tblr_table_firstfoot_box=\box73
\l__tblr_table_middlefoot_box=\box74
\l__tblr_table_lastfoot_box=\box75
\l__tblr_remain_height_dim=\dimen265
\l__tblr_long_from_int=\count307
\l__tblr_long_to_int=\count308
\l__tblr_curr_i_int=\count309
\l__tblr_prev_i_int=\count310
\l__tblr_table_page_int=\count311
\l__tblr_table_head_box=\box76
\l__tblr_table_foot_box=\box77
\l__tblr_table_head_foot_dim=\dimen266
\l__tblr_table_head_body_foot_dim=\dimen267
\l__tblr_table_box=\box78
\l__tblr_table_hlines_box=\box79
\l__tblr_hline_box=\box80
\l__tblr_row_box=\box81
\l__tblr_col_o_wd_dim=\dimen268
\l__tblr_col_b_wd_dim=\dimen269
\l__tblr_hline_leftskip_dim=\dimen270
\l__tblr_hline_rightskip_dim=\dimen271
\l__tblr_row_ht_dim=\dimen272
\l__tblr_row_dp_dim=\dimen273
\l__tblr_row_abovesep_dim=\dimen274
\l__tblr_row_belowsep_dim=\dimen275
\l__tblr_row_vlines_box=\box82
\l__tblr_vline_box=\box83
\l__tblr_cell_box=\box84
\l__row_upper_dim=\dimen276
\l__row_lower_dim=\dimen277
\l__row_vpace_dim=\dimen278
\l__tblr_vline_aboveskip_dim=\dimen279
\l__tblr_vline_belowskip_dim=\dimen280
\l__tblr_cell_wd_dim=\dimen281
\l__tblr_cell_ht_dim=\dimen282
\l__tblr_diag_box=\box85
)
(/usr/local/texlive/2023/texmf-dist/tex/latex/multirow/multirow.sty
Package: multirow 2021/03/15 v2.8 Span multiple rows of a table
\multirow@colwidth=\skip62
\multirow@cntb=\count312
\multirow@dima=\skip63
\bigstrutjot=\dimen283
)
(/usr/local/texlive/2023/texmf-dist/tex/latex/tools/calc.sty
Package: calc 2017/05/25 v4.3 Infix arithmetic (KKT,FJ)
\calc@Acount=\count313
\calc@Bcount=\count314
\calc@Adimen=\dimen284
\calc@Bdimen=\dimen285
\calc@Askip=\skip64
\calc@Bskip=\skip65
LaTeX Info: Redefining \setlength on input line 80.
LaTeX Info: Redefining \addtolength on input line 81.
\calc@Ccount=\count315
\calc@Cskip=\skip66
)
(/usr/local/texlive/2023/texmf-dist/tex/latex/pdflscape/pdflscape.sty
Package: pdflscape 2022-10-27 v0.13 Display of landscape pages in PDF

(/usr/local/texlive/2023/texmf-dist/tex/latex/pdflscape/pdflscape-nometadata.st
y
Package: pdflscape-nometadata 2022-10-28 v0.13 Display of landscape pages in PD
F (HO)
 (/usr/local/texlive/2023/texmf-dist/tex/generic/iftex/iftex.sty
Package: iftex 2022/02/03 v1.0f TeX engine tests
)
(/usr/local/texlive/2023/texmf-dist/tex/latex/graphics/lscape.sty
Package: lscape 2020/05/28 v3.02 Landscape Pages (DPC)
)
Package pdflscape Info: Auto-detected driver: pdftex on input line 81.
))
(/usr/local/texlive/2023/texmf-dist/tex/latex/lineno/lineno.sty
Package: lineno 2023/01/19 line numbers on paragraphs v5.1
\linenopenalty=\count316
\output=\toks32
\linenoprevgraf=\count317
\linenumbersep=\dimen286
\linenumberwidth=\dimen287
\c@linenumber=\count318
\c@pagewiselinenumber=\count319
\c@LN@truepage=\count320
\c@internallinenumber=\count321
\c@internallinenumbers=\count322
\quotelinenumbersep=\dimen288
\bframerule=\dimen289
\bframesep=\dimen290
\bframebox=\box86
\linenoamsmath@ams@eqpen=\count323
LaTeX Info: Redefining \\ on input line 3131.
)
(/usr/local/texlive/2023/texmf-dist/tex/latex/algorithm2e/algorithm2e.sty
Package: algorithm2e 2017/07/18 v5.2 algorithms environments
\c@AlgoLine=\count324

(/usr/local/texlive/2023/texmf-dist/tex/latex/base/ifthen.sty
Package: ifthen 2022/04/13 v1.1d Standard LaTeX ifthen package (DPC)
)
\algocf@hangindent=\skip67

(/usr/local/texlive/2023/texmf-dist/tex/latex/ifoddpage/ifoddpage.sty
Package: ifoddpage 2022/10/18 v1.2 Conditionals for odd/even page detection
\c@checkoddpage=\count325
)
(/usr/local/texlive/2023/texmf-dist/tex/latex/tools/xspace.sty
Package: xspace 2014/10/28 v1.13 Space after command names (DPC,MH)
)
(/usr/local/texlive/2023/texmf-dist/tex/latex/relsize/relsize.sty
Package: relsize 2013/03/29 ver 4.1
)
\skiptotal=\skip68
\skiplinenumber=\skip69
\skiprule=\skip70
\skiphlne=\skip71
\skiptext=\skip72
\skiplength=\skip73
\algomargin=\skip74
\skipalgocfslide=\skip75
\algowidth=\dimen291
\inoutsize=\dimen292
\inoutindent=\dimen293
\interspacetitleruled=\dimen294
\interspacealgoruled=\dimen295
\interspacetitleboxruled=\dimen296
\algocf@ruledwidth=\skip76
\algocf@inoutbox=\box87
\algocf@inputbox=\box88
\AlCapSkip=\skip77
\AlCapHSkip=\skip78
\algoskipindent=\skip79
\algocf@nlbox=\box89
\algocf@hangingbox=\box90
\algocf@untilbox=\box91
\algocf@skipuntil=\skip80
\algocf@capbox=\box92
\algocf@lcaptionbox=\skip81
\algoheightruledefault=\skip82
\algoheightrule=\skip83
\algotitleheightruledefault=\skip84
\algotitleheightrule=\skip85
\c@algocfline=\count326
\c@algocfproc=\count327
\c@algocf=\count328
\algocf@algoframe=\box93
\algocf@algobox=\box94
)
No file elsarticle-template-num.aux.
\openout1 = `elsarticle-template-num.aux'.

LaTeX Font Info:    Checking defaults for OML/cmm/m/it on input line 34.
LaTeX Font Info:    ... okay on input line 34.
LaTeX Font Info:    Checking defaults for OMS/cmsy/m/n on input line 34.
LaTeX Font Info:    ... okay on input line 34.
LaTeX Font Info:    Checking defaults for OT1/cmr/m/n on input line 34.
LaTeX Font Info:    ... okay on input line 34.
LaTeX Font Info:    Checking defaults for T1/cmr/m/n on input line 34.
LaTeX Font Info:    ... okay on input line 34.
LaTeX Font Info:    Checking defaults for TS1/cmr/m/n on input line 34.
LaTeX Font Info:    ... okay on input line 34.
LaTeX Font Info:    Checking defaults for OMX/cmex/m/n on input line 34.
LaTeX Font Info:    ... okay on input line 34.
LaTeX Font Info:    Checking defaults for U/cmr/m/n on input line 34.
LaTeX Font Info:    ... okay on input line 34.
(/usr/local/texlive/2023/texmf-dist/tex/context/base/mkii/supp-pdf.mkii
[Loading MPS to PDF converter (version 2006.09.02).]
\scratchcounter=\count329
\scratchdimen=\dimen297
\scratchbox=\box95
\nofMPsegments=\count330
\nofMParguments=\count331
\everyMPshowfont=\toks33
\MPscratchCnt=\count332
\MPscratchDim=\dimen298
\MPnumerator=\count333
\makeMPintoPDFobject=\count334
\everyMPtoPDFconversion=\toks34
) (/usr/local/texlive/2023/texmf-dist/tex/latex/epstopdf-pkg/epstopdf-base.sty
Package: epstopdf-base 2020-01-24 v2.11 Base part for package epstopdf
Package epstopdf-base Info: Redefining graphics rule for `.eps' on input line 4
85.

(/usr/local/texlive/2023/texmf-dist/tex/latex/latexconfig/epstopdf-sys.cfg
File: epstopdf-sys.cfg 2010/07/13 v1.3 Configuration of (r)epstopdf for TeX Liv
e
))
Package caption Info: Begin \AtBeginDocument code.
Package caption Info: End \AtBeginDocument code.
LaTeX Font Info:    Trying to load font information for U+msa on input line 107
.

(/usr/local/texlive/2023/texmf-dist/tex/latex/amsfonts/umsa.fd
File: umsa.fd 2013/01/14 v3.01 AMS symbols A
)
LaTeX Font Info:    Trying to load font information for U+msb on input line 107
.

(/usr/local/texlive/2023/texmf-dist/tex/latex/amsfonts/umsb.fd
File: umsb.fd 2013/01/14 v3.01 AMS symbols B
)
LaTeX Font Info:    Trying to load font information for U+wasy on input line 10
7.

(/usr/local/texlive/2023/texmf-dist/tex/latex/wasysym/uwasy.fd
File: uwasy.fd 2020/01/19 v2.4 Wasy-2 symbol font definitions
)
Overfull \hbox (2.61108pt too wide) has occurred while \output is active
[] 
 []

[1

{/usr/local/texlive/2023/texmf-var/fonts/map/pdftex/updmap/pdftex.map}]

Package natbib Warning: Citation `wang2024deepwind' on page 2 undefined on inpu
t line 129.


Package natbib Warning: Citation `xu2024dgformer' on page 2 undefined on input 
line 129.


Package natbib Warning: Citation `yang2024long' on page 2 undefined on input li
ne 129.


Package natbib Warning: Citation `shen2024energy' on page 2 undefined on input 
line 130.


Package natbib Warning: Citation `zhuang2023multi' on page 2 undefined on input
 line 130.


Package natbib Warning: Citation `xing2023stcgcn' on page 2 undefined on input 
line 130.


Package natbib Warning: Citation `kong2023dynamic' on page 2 undefined on input
 line 131.


Package natbib Warning: Citation `li2024st' on page 2 undefined on input line 1
31.


Package natbib Warning: Citation `kong2024spatio' on page 2 undefined on input 
line 131.


LaTeX Warning: File `figs/fig_2.png' not found on input line 137.


! Package pdftex.def Error: File `figs/fig_2.png' not found: using draft settin
g.

See the pdftex.def package documentation for explanation.
Type  H <return>  for immediate help.
 ...                                              
                                                  
l.137 ...ics[width=0.95\textwidth]{figs/fig_2.png}
                                                  
? 

LaTeX Warning: `h' float specifier changed to `ht'.


Package natbib Warning: Citation `box1976analysis' on page 2 undefined on input
 line 149.


Package natbib Warning: Citation `drucker1996support' on page 2 undefined on in
put line 149.


Package natbib Warning: Citation `zivot2006vector' on page 2 undefined on input
 line 149.


Package natbib Warning: Citation `chen2007narx' on page 2 undefined on input li
ne 149.


Package natbib Warning: Citation `frigola2015bayesian' on page 2 undefined on i
nput line 149.


Package natbib Warning: Citation `breiman2001random' on page 2 undefined on inp
ut line 153.


Package natbib Warning: Citation `regression1992introduction' on page 2 undefin
ed on input line 153.


Package natbib Warning: Citation `zhang2003time' on page 2 undefined on input l
ine 153.


Package natbib Warning: Citation `graves2012long' on page 2 undefined on input 
line 159.


Package natbib Warning: Citation `cho2014learning' on page 2 undefined on input
 line 159.


Package natbib Warning: Citation `lecun2002gradient' on page 2 undefined on inp
ut line 162.


Package natbib Warning: Citation `lai2018modeling' on page 2 undefined on input
 line 164.


Package natbib Warning: Citation `shih2019temporal' on page 2 undefined on inpu
t line 164.


Package natbib Warning: Citation `bruna2013spectral' on page 2 undefined on inp
ut line 171.


Package natbib Warning: Citation `defferrard2016convolutional' on page 2 undefi
ned on input line 171.


Package natbib Warning: Citation `kipf2016semi' on page 2 undefined on input li
ne 171.


Package natbib Warning: Citation `jin2023spatio' on page 2 undefined on input l
ine 175.


Package natbib Warning: Citation `corradini2024systematic' on page 2 undefined 
on input line 175.


Package natbib Warning: Citation `li2017diffusion' on page 2 undefined on input
 line 185.


Package natbib Warning: Citation `wu2019graph' on page 2 undefined on input lin
e 189.


Package natbib Warning: Citation `wu2020connecting' on page 2 undefined on inpu
t line 189.


Package natbib Warning: Citation `ta2022adaptive' on page 2 undefined on input 
line 189.


Package natbib Warning: Citation `guo2021learning' on page 2 undefined on input
 line 195.


Package natbib Warning: Citation `lan2022dstagnn' on page 2 undefined on input 
line 195.


Package natbib Warning: Citation `ye2022learning' on page 2 undefined on input 
line 195.


Package natbib Warning: Citation `xia2025prost' on page 2 undefined on input li
ne 195.

[2] [3]

Package natbib Warning: Citation `liu2022scinet' on page 4 undefined on input l
ine 206.


Package natbib Warning: Citation `wu2021autoformer' on page 4 undefined on inpu
t line 210.


Package natbib Warning: Citation `wang2024timemixer' on page 4 undefined on inp
ut line 210.


Package natbib Warning: Citation `luo2024lsttn' on page 4 undefined on input li
ne 210.


Package natbib Warning: Citation `seo2025st' on page 4 undefined on input line 
210.


Package natbib Warning: Citation `cao2020spectral' on page 4 undefined on input
 line 216.


Package natbib Warning: Citation `zhou2022fedformer' on page 4 undefined on inp
ut line 216.


Package natbib Warning: Citation `yi2023frequency' on page 4 undefined on input
 line 216.


Package natbib Warning: Citation `xu2023fits' on page 4 undefined on input line
 216.


Package natbib Warning: Citation `tian2025frera' on page 4 undefined on input l
ine 216.


Package natbib Warning: Citation `li2017diffusion' on page 4 undefined on input
 line 228.


Package natbib Warning: Citation `zhao2019t' on page 4 undefined on input line 
233.


Package natbib Warning: Citation `yu2017spatio' on page 4 undefined on input li
ne 233.

[4]
Overfull \hbox (5.8247pt too wide) in paragraph at lines 294--297
\OT1/cmr/m/n/12 var-i-ous fields. DWIST-GNN achieves ex-traor-di-nary per-for-m
ance, demon-
 []


Package natbib Warning: Citation `box1976analysis' on page 5 undefined on input
 line 323.


Package natbib Warning: Citation `drucker1996support' on page 5 undefined on in
put line 327.


Package natbib Warning: Citation `zivot2006vector' on page 5 undefined on input
 line 330.


Package natbib Warning: Citation `chen2007narx' on page 5 undefined on input li
ne 335.


Package natbib Warning: Citation `frigola2015bayesian' on page 5 undefined on i
nput line 336.


Package natbib Warning: Citation `breiman2001random' on page 5 undefined on inp
ut line 341.


Package natbib Warning: Citation `regression1992introduction' on page 5 undefin
ed on input line 342.


Package natbib Warning: Citation `zhang2003time' on page 5 undefined on input l
ine 348.


Package natbib Warning: Citation `graves2012long' on page 5 undefined on input 
line 351.


Package natbib Warning: Citation `cho2014learning' on page 5 undefined on input
 line 351.


Package natbib Warning: Citation `lecun2002gradient' on page 5 undefined on inp
ut line 353.


Package natbib Warning: Citation `lai2018modeling' on page 5 undefined on input
 line 355.


Package natbib Warning: Citation `shih2019temporal' on page 5 undefined on inpu
t line 358.

[5{/usr/local/texlive/2023/texmf-dist/fonts/enc/dvips/cm-super/cm-super-ts1.enc
}]

Package natbib Warning: Citation `bruna2013spectral' on page 6 undefined on inp
ut line 370.


Package natbib Warning: Citation `defferrard2016convolutional' on page 6 undefi
ned on input line 370.


Package natbib Warning: Citation `kipf2016semi' on page 6 undefined on input li
ne 370.


Package natbib Warning: Citation `jin2023spatio' on page 6 undefined on input l
ine 381.


Package natbib Warning: Citation `corradini2024systematic' on page 6 undefined 
on input line 381.


Package natbib Warning: Citation `li2017diffusion' on page 6 undefined on input
 line 410.


Package natbib Warning: Citation `wu2019graph' on page 6 undefined on input lin
e 415.


Package natbib Warning: Citation `wu2020connecting' on page 6 undefined on inpu
t line 417.


Package natbib Warning: Citation `guo2021learning' on page 6 undefined on input
 line 426.


Package natbib Warning: Citation `lan2022dstagnn' on page 6 undefined on input 
line 428.


Package natbib Warning: Citation `ye2022learning' on page 6 undefined on input 
line 432.

[6]

Package natbib Warning: Citation `liu2022scinet' on page 7 undefined on input l
ine 443.


Package natbib Warning: Citation `wu2021autoformer' on page 7 undefined on inpu
t line 446.


Package natbib Warning: Citation `shao2022decoupled' on page 7 undefined on inp
ut line 450.


Package natbib Warning: Citation `cao2020spectral' on page 7 undefined on input
 line 455.


Package natbib Warning: Citation `zhou2022fedformer' on page 7 undefined on inp
ut line 459.


Package natbib Warning: Citation `fang2023spatio' on page 7 undefined on input 
line 464.

[7]

Package natbib Warning: Citation `li2017diffusion' on page 8 undefined on input
 line 475.


Package natbib Warning: Citation `zhao2019t' on page 8 undefined on input line 
482.


Package natbib Warning: Citation `yu2017spatio' on page 8 undefined on input li
ne 487.


Package natbib Warning: Citation `liu2024spatial' on page 8 undefined on input 
line 493.

[8]

Package natbib Warning: Citation `daubechies1992ten' on page 9 undefined on inp
ut line 563.

[9]

LaTeX Warning: File `figs/fig_1.png' not found on input line 658.


! Package pdftex.def Error: File `figs/fig_1.png' not found: using draft settin
g.

See the pdftex.def package documentation for explanation.
Type  H <return>  for immediate help.
 ...                                              
                                                  
l.658 ...ics[width=0.98\textwidth]{figs/fig_1.png}
                                                  
? 
[10] [11] [12] [13] [14] [15] [16]
! Missing $ inserted.
<inserted text> 
                $
l.1113 
       
? 
! Missing $ inserted.
<inserted text> 
                $
l.1113 
       
? 
! Missing $ inserted.
<inserted text> 
                $
l.1113 
       
? 
! Missing $ inserted.
<inserted text> 
                $
l.1113 
       
? 
LaTeX Font Info:    Trying to load font information for OMS+cmr on input line 1
113.
(/usr/local/texlive/2023/texmf-dist/tex/latex/base/omscmr.fd
File: omscmr.fd 2022/07/10 v2.5l Standard LaTeX font definitions
)
LaTeX Font Info:    Font shape `OMS/cmr/m/n' in size <12> not available
(Font)              Font shape `OMS/cmsy/m/n' tried instead on input line 1113.


! Missing $ inserted.
<inserted text> 
                $
l.1113 
       
? 
! Missing $ inserted.
<inserted text> 
                $
l.1113 
       
? 
! Missing $ inserted.
<inserted text> 
                $
l.1113 
       
? 
! Missing $ inserted.
<inserted text> 
                $
l.1113 
       
? 
! Missing $ inserted.
<inserted text> 
                $
l.1113 
       
? 
! Missing $ inserted.
<inserted text> 
                $
l.1113 
       
? 
! Missing $ inserted.
<inserted text> 
                $
l.1113 
       
? 
! Missing $ inserted.
<inserted text> 
                $
l.1113 
       
? 
! Missing $ inserted.
<inserted text> 
                $
l.1113 
       
? 
! Missing $ inserted.
<inserted text> 
                $
l.1113 
       
? 
! Missing $ inserted.
<inserted text> 
                $
l.1113 
       
? 
! Missing $ inserted.
<inserted text> 
                $
l.1113 
       
? 
[17]
Overfull \hbox (10.05734pt too wide) in paragraph at lines 1156--1179
 [][] 
 []

[18]
Overfull \hbox (16.95325pt too wide) in paragraph at lines 1227--1232
[]\OT1/cmr/bx/n/12 PeMS08\OT1/cmr/m/n/12 : This dataset con-tains trans-porta-t
ion data from San Bernardino.
 []


Overfull \hbox (37.07376pt too wide) in paragraph at lines 1273--1300
 [][] 
 []


LaTeX Warning: `h' float specifier changed to `ht'.


Overfull \hbox (0.5185pt too wide) in paragraph at lines 1304--1309
[]\OT1/cmr/m/n/12 Supposing $\OMS/cmsy/m/n/12 f\OML/cmm/m/it/12 y \OT1/cmr/m/n/
12 = \OML/cmm/m/it/12 y[]; y[]; :::; y[]\OMS/cmsy/m/n/12 g$ \OT1/cmr/m/n/12 de-
notes the ac-tual val-ues, $\OMS/cmsy/m/n/12 f[] \OT1/cmr/m/n/12 = []\OML/cmm/m
/it/12 ; []; :::; []\OMS/cmsy/m/n/12 g$
 []

[19]
Underfull \hbox (badness 10000) in paragraph at lines 1355--1356

 []

[20]

Package natbib Warning: Citation `box1976analysis' on page 21 undefined on inpu
t line 1361.


Package natbib Warning: Citation `frigola2015bayesian' on page 21 undefined on 
input line 1367.


Package natbib Warning: Citation `zhang2003time' on page 21 undefined on input 
line 1372.


Package natbib Warning: Citation `cho2014learning' on page 21 undefined on inpu
t line 1378.


Package natbib Warning: Citation `lai2018modeling' on page 21 undefined on inpu
t line 1383.


Package natbib Warning: Citation `shih2019temporal' on page 21 undefined on inp
ut line 1387.


Package natbib Warning: Citation `wu2020connecting' on page 21 undefined on inp
ut line 1393.


Package natbib Warning: Citation `zhou2021informer' on page 21 undefined on inp
ut line 1398.


Package natbib Warning: Citation `wu2021autoformer' on page 21 undefined on inp
ut line 1403.


Package natbib Warning: Citation `shang2021discrete' on page 21 undefined on in
put line 1407.


Package natbib Warning: Citation `ye2022learning' on page 21 undefined on input
 line 1413.

[21]

Package natbib Warning: Citation `liu2022scinet' on page 22 undefined on input 
line 1417.


Package natbib Warning: Citation `zivot2006vector' on page 22 undefined on inpu
t line 1427.


Package natbib Warning: Citation `drucker1996support' on page 22 undefined on i
nput line 1432.


Package natbib Warning: Citation `graves2012long' on page 22 undefined on input
 line 1437.


Package natbib Warning: Citation `li2017diffusion' on page 22 undefined on inpu
t line 1441.


Package natbib Warning: Citation `yu2017spatio' on page 22 undefined on input l
ine 1445.


Package natbib Warning: Citation `guo2019attention' on page 22 undefined on inp
ut line 1449.


Package natbib Warning: Citation `wu2019graph' on page 22 undefined on input li
ne 1453.


Package natbib Warning: Citation `song2020spatial' on page 22 undefined on inpu
t line 1458.


Package natbib Warning: Citation `lan2022dstagnn' on page 22 undefined on input
 line 1463.


Package natbib Warning: Citation `shao2022decoupled' on page 22 undefined on in
put line 1469.


Package natbib Warning: Citation `fang2023spatio' on page 22 undefined on input
 line 1474.

[22]

Package natbib Warning: Citation `liu2024spatial' on page 23 undefined on input
 line 1480.

[23] [24]
Overfull \hbox (471.94337pt too wide) in paragraph at lines 1584--1785
 [] 
 []


Overfull \hbox (411.43025pt too wide) in paragraph at lines 1801--1876
 [] 
 []


LaTeX Warning: `h' float specifier changed to `ht'.

[25]

LaTeX Warning: File `figs/fig_1_polylines/Model Comparison on PeMS04 (MAE).png'
 not found on input line 1910.


! Package pdftex.def Error: File `figs/fig_1_polylines/Model Comparison on PeMS
04 (MAE).png' not found: using draft setting.

See the pdftex.def package documentation for explanation.
Type  H <return>  for immediate help.
 ...                                              
                                                  
l.1910 ...es/Model Comparison on PeMS04 (MAE).png}
                                                  
? 

Underfull \hbox (badness 10000) in paragraph at lines 1910--1912
[][]
 []


LaTeX Warning: File `figs/fig_1_polylines/Model Comparison on PeMS04 (RMSE).png
' not found on input line 1915.


! Package pdftex.def Error: File `figs/fig_1_polylines/Model Comparison on PeMS
04 (RMSE).png' not found: using draft setting.

See the pdftex.def package documentation for explanation.
Type  H <return>  for immediate help.
 ...                                              
                                                  
l.1915 ...s/Model Comparison on PeMS04 (RMSE).png}
                                                  
? 

Underfull \hbox (badness 10000) in paragraph at lines 1915--1917
[][]
 []


LaTeX Warning: File `figs/fig_1_polylines/Model Comparison on PeMS04 (MAPE).png
' not found on input line 1920.


! Package pdftex.def Error: File `figs/fig_1_polylines/Model Comparison on PeMS
04 (MAPE).png' not found: using draft setting.

See the pdftex.def package documentation for explanation.
Type  H <return>  for immediate help.
 ...                                              
                                                  
l.1920 ...s/Model Comparison on PeMS04 (MAPE).png}
                                                  
? 

Underfull \hbox (badness 10000) in paragraph at lines 1920--1922
[][]
 []


LaTeX Warning: File `figs/fig_1_polylines/Model Comparison on PeMS08 (MAE).png'
 not found on input line 1925.


! Package pdftex.def Error: File `figs/fig_1_polylines/Model Comparison on PeMS
08 (MAE).png' not found: using draft setting.

See the pdftex.def package documentation for explanation.
Type  H <return>  for immediate help.
 ...                                              
                                                  
l.1925 ...es/Model Comparison on PeMS08 (MAE).png}
                                                  
? 

Underfull \hbox (badness 10000) in paragraph at lines 1925--1927
[][]
 []


LaTeX Warning: File `figs/fig_1_polylines/Model Comparison on PeMS08 (RMSE).png
' not found on input line 1930.


! Package pdftex.def Error: File `figs/fig_1_polylines/Model Comparison on PeMS
08 (RMSE).png' not found: using draft setting.

See the pdftex.def package documentation for explanation.
Type  H <return>  for immediate help.
 ...                                              
                                                  
l.1930 ...s/Model Comparison on PeMS08 (RMSE).png}
                                                  
? 

Underfull \hbox (badness 10000) in paragraph at lines 1930--1932
[][]
 []


LaTeX Warning: File `figs/fig_1_polylines/Model Comparison on PeMS08 (MAPE).png
' not found on input line 1935.


! Package pdftex.def Error: File `figs/fig_1_polylines/Model Comparison on PeMS
08 (MAPE).png' not found: using draft setting.

See the pdftex.def package documentation for explanation.
Type  H <return>  for immediate help.
 ...                                              
                                                  
l.1935 ...s/Model Comparison on PeMS08 (MAPE).png}
                                                  
? 

Underfull \hbox (badness 10000) in paragraph at lines 1935--1937
[][]
 []


LaTeX Warning: File `figs/fig_2+3/PEMS04/fig_2_curves_04 4-02.22.png' not found
 on input line 1959.


! Package pdftex.def Error: File `figs/fig_2+3/PEMS04/fig_2_curves_04 4-02.22.p
ng' not found: using draft setting.

See the pdftex.def package documentation for explanation.
Type  H <return>  for immediate help.
 ...                                              
                                                  
l.1959 ..._2+3/PEMS04/fig_2_curves_04 4-02.22.png}
                                                  
? 

Underfull \hbox (badness 10000) in paragraph at lines 1959--1961
[][]
 []


LaTeX Warning: File `figs/fig_2+3/PEMS08/fig_2_curves_08 89-08.29.png' not foun
d on input line 1964.


! Package pdftex.def Error: File `figs/fig_2+3/PEMS08/fig_2_curves_08 89-08.29.
png' not found: using draft setting.

See the pdftex.def package documentation for explanation.
Type  H <return>  for immediate help.
 ...                                              
                                                  
l.1964 ...2+3/PEMS08/fig_2_curves_08 89-08.29.png}
                                                  
? 

Underfull \hbox (badness 10000) in paragraph at lines 1964--1966
[][]
 []


Overfull \hbox (10.54755pt too wide) in paragraph at lines 1944--1971
[]\OT1/cmr/bx/n/12 Fig.4 \OT1/cmr/m/n/12 il-lus-trates the fore-cast-ing re-sul
ts dur-ing rush hours on the PeMS04/08
 []

[26


]

LaTeX Warning: File `figs/fig_2+3/PEMS04/fig_3_regression_04.png' not found on 
input line 1988.


! Package pdftex.def Error: File `figs/fig_2+3/PEMS04/fig_3_regression_04.png' 
not found: using draft setting.

See the pdftex.def package documentation for explanation.
Type  H <return>  for immediate help.
 ...                                              
                                                  
l.1988 .../fig_2+3/PEMS04/fig_3_regression_04.png}
                                                  
? 

Underfull \hbox (badness 10000) in paragraph at lines 1988--1990
[][]
 []


LaTeX Warning: File `figs/fig_2+3/PEMS04/fig_3_regression_04 (3375).png' not fo
und on input line 1993.


! Package pdftex.def Error: File `figs/fig_2+3/PEMS04/fig_3_regression_04 (3375
).png' not found: using draft setting.

See the pdftex.def package documentation for explanation.
Type  H <return>  for immediate help.
 ...                                              
                                                  
l.1993 ...3/PEMS04/fig_3_regression_04 (3375).png}
                                                  
? 

Underfull \hbox (badness 10000) in paragraph at lines 1993--1995
[][]
 []


LaTeX Warning: File `figs/fig_2+3/PEMS08/fig_3_regression_08.png' not found on 
input line 1998.


! Package pdftex.def Error: File `figs/fig_2+3/PEMS08/fig_3_regression_08.png' 
not found: using draft setting.

See the pdftex.def package documentation for explanation.
Type  H <return>  for immediate help.
 ...                                              
                                                  
l.1998 .../fig_2+3/PEMS08/fig_3_regression_08.png}
                                                  
? 

Underfull \hbox (badness 10000) in paragraph at lines 1998--2000
[][]
 []


LaTeX Warning: File `figs/fig_2+3/PEMS08/fig_3_regression_08 (3548).png' not fo
und on input line 2003.


! Package pdftex.def Error: File `figs/fig_2+3/PEMS08/fig_3_regression_08 (3548
).png' not found: using draft setting.

See the pdftex.def package documentation for explanation.
Type  H <return>  for immediate help.
 ...                                              
                                                  
l.2003 ...3/PEMS08/fig_3_regression_08 (3548).png}
                                                  
? 

Underfull \hbox (badness 10000) in paragraph at lines 2003--2005
[][]
 []


LaTeX Warning: `h' float specifier changed to `ht'.


LaTeX Warning: File `figs/fig_4_As/PEMS08/fig_4_As_08 08.20 8:00.png' not found
 on input line 2061.


! Package pdftex.def Error: File `figs/fig_4_As/PEMS08/fig_4_As_08 08.20 8:00.p
ng' not found: using draft setting.

See the pdftex.def package documentation for explanation.
Type  H <return>  for immediate help.
 ...                                              
                                                  
l.2061 ..._4_As/PEMS08/fig_4_As_08 08.20 8:00.png}
                                                  
? 

Underfull \hbox (badness 10000) in paragraph at lines 2061--2063
[][]
 []


LaTeX Warning: File `figs/fig_4_As/PEMS08/fig_4_As_08 08.20 12:00.png' not foun
d on input line 2065.


! Package pdftex.def Error: File `figs/fig_4_As/PEMS08/fig_4_As_08 08.20 12:00.
png' not found: using draft setting.

See the pdftex.def package documentation for explanation.
Type  H <return>  for immediate help.
 ...                                              
                                                  
l.2065 ...4_As/PEMS08/fig_4_As_08 08.20 12:00.png}
                                                  
? 

Underfull \hbox (badness 10000) in paragraph at lines 2065--2067
[][]
 []


LaTeX Warning: File `figs/fig_4_As/PEMS08/fig_4_As_08 08.20 [8:00-9:00].png' no
t found on input line 2070.


! Package pdftex.def Error: File `figs/fig_4_As/PEMS08/fig_4_As_08 08.20 [8:00-
9:00].png' not found: using draft setting.

See the pdftex.def package documentation for explanation.
Type  H <return>  for immediate help.
 ...                                              
                                                  
l.2070 ...EMS08/fig_4_As_08 08.20 [8:00-9:00].png}
                                                  
? 

Underfull \hbox (badness 10000) in paragraph at lines 2070--2072
[][]
 []


LaTeX Warning: File `figs/fig_4_As/PEMS08/fig_4_As_08 08.20 [8:00-10:00].png' n
ot found on input line 2074.


! Package pdftex.def Error: File `figs/fig_4_As/PEMS08/fig_4_As_08 08.20 [8:00-
10:00].png' not found: using draft setting.

See the pdftex.def package documentation for explanation.
Type  H <return>  for immediate help.
 ...                                              
                                                  
l.2074 ...MS08/fig_4_As_08 08.20 [8:00-10:00].png}
                                                  
? 

Underfull \hbox (badness 10000) in paragraph at lines 2074--2076
[][]
 []


LaTeX Warning: File `figs/fig_4_As/PEMS08/fig_4_As_08 08.20 [8:00-11:00].png' n
ot found on input line 2078.


! Package pdftex.def Error: File `figs/fig_4_As/PEMS08/fig_4_As_08 08.20 [8:00-
11:00].png' not found: using draft setting.

See the pdftex.def package documentation for explanation.
Type  H <return>  for immediate help.
 ...                                              
                                                  
l.2078 ...MS08/fig_4_As_08 08.20 [8:00-11:00].png}
                                                  
? 

Underfull \hbox (badness 10000) in paragraph at lines 2078--2080
[][]
 []


LaTeX Warning: File `figs/fig_4_As/PEMS08/fig_4_As_08 08.20 [8:00-12:00].png' n
ot found on input line 2082.


! Package pdftex.def Error: File `figs/fig_4_As/PEMS08/fig_4_As_08 08.20 [8:00-
12:00].png' not found: using draft setting.

See the pdftex.def package documentation for explanation.
Type  H <return>  for immediate help.
 ...                                              
                                                  
l.2082 ...MS08/fig_4_As_08 08.20 [8:00-12:00].png}
                                                  
? 

Underfull \hbox (badness 10000) in paragraph at lines 2082--2084
[][]
 []


LaTeX Warning: `h' float specifier changed to `ht'.

[27]

LaTeX Warning: File `figs/fig_5_ablation/Ablation-PEMS04-MAE.png' not found on 
input line 2182.


! Package pdftex.def Error: File `figs/fig_5_ablation/Ablation-PEMS04-MAE.png' 
not found: using draft setting.

See the pdftex.def package documentation for explanation.
Type  H <return>  for immediate help.
 ...                                              
                                                  
l.2182 .../fig_5_ablation/Ablation-PEMS04-MAE.png}
                                                  
? 

Underfull \hbox (badness 10000) in paragraph at lines 2182--2184
[][]
 []


LaTeX Warning: File `figs/fig_5_ablation/Ablation-PEMS04-RMSE.png' not found on
 input line 2187.


! Package pdftex.def Error: File `figs/fig_5_ablation/Ablation-PEMS04-RMSE.png'
 not found: using draft setting.

See the pdftex.def package documentation for explanation.
Type  H <return>  for immediate help.
 ...                                              
                                                  
l.2187 ...fig_5_ablation/Ablation-PEMS04-RMSE.png}
                                                  
? 

Underfull \hbox (badness 10000) in paragraph at lines 2187--2189
[][]
 []


LaTeX Warning: File `figs/fig_5_ablation/Ablation-PEMS04-MAPE.png' not found on
 input line 2192.


! Package pdftex.def Error: File `figs/fig_5_ablation/Ablation-PEMS04-MAPE.png'
 not found: using draft setting.

See the pdftex.def package documentation for explanation.
Type  H <return>  for immediate help.
 ...                                              
                                                  
l.2192 ...fig_5_ablation/Ablation-PEMS04-MAPE.png}
                                                  
? 

Underfull \hbox (badness 10000) in paragraph at lines 2192--2194
[][]
 []


LaTeX Warning: File `figs/fig_5_ablation/Ablation-PEMS08-MAE.png' not found on 
input line 2197.


! Package pdftex.def Error: File `figs/fig_5_ablation/Ablation-PEMS08-MAE.png' 
not found: using draft setting.

See the pdftex.def package documentation for explanation.
Type  H <return>  for immediate help.
 ...                                              
                                                  
l.2197 .../fig_5_ablation/Ablation-PEMS08-MAE.png}
                                                  
? 

Underfull \hbox (badness 10000) in paragraph at lines 2197--2199
[][]
 []


LaTeX Warning: File `figs/fig_5_ablation/Ablation-PEMS08-RMSE.png' not found on
 input line 2202.


! Package pdftex.def Error: File `figs/fig_5_ablation/Ablation-PEMS08-RMSE.png'
 not found: using draft setting.

See the pdftex.def package documentation for explanation.
Type  H <return>  for immediate help.
 ...                                              
                                                  
l.2202 ...fig_5_ablation/Ablation-PEMS08-RMSE.png}
                                                  
? 

Underfull \hbox (badness 10000) in paragraph at lines 2202--2204
[][]
 []


LaTeX Warning: File `figs/fig_5_ablation/Ablation-PEMS08-MAPE.png' not found on
 input line 2207.


! Package pdftex.def Error: File `figs/fig_5_ablation/Ablation-PEMS08-MAPE.png'
 not found: using draft setting.

See the pdftex.def package documentation for explanation.
Type  H <return>  for immediate help.
 ...                                              
                                                  
l.2207 ...fig_5_ablation/Ablation-PEMS08-MAPE.png}
                                                  
? 

Underfull \hbox (badness 10000) in paragraph at lines 2207--2209
[][]
 []

[28]

LaTeX Warning: `h' float specifier changed to `ht'.

(./elsarticle-template-num.bbl [29] [30] [31] [32] [33] [34])

Package natbib Warning: There were undefined citations.

[35] [36] [37] [38] (./elsarticle-template-num.aux

Package natbib Warning: Citation(s) may have changed.
(natbib)                Rerun to get citations correct.

)

LaTeX Warning: Label(s) may have changed. Rerun to get cross-references right.

 ) 
Here is how much of TeX's memory you used:
 10181 strings out of 476025
 215989 string characters out of 5790023
 1942388 words of memory out of 5000000
 30446 multiletter control sequences out of 15000+600000
 525481 words of font info for 83 fonts, out of 8000000 for 9000
 1141 hyphenation exceptions out of 8191
 72i,15n,76p,336b,557s stack positions out of 10000i,1000n,20000p,200000b,200000s
</usr/local/texlive/2023/texmf-dist/fonts/type1/public/amsfonts/cm/cmbx10.pfb
></usr/local/texlive/2023/texmf-dist/fonts/type1/public/amsfonts/cm/cmbx12.pfb>
</usr/local/texlive/2023/texmf-dist/fonts/type1/public/amsfonts/cm/cmbx6.pfb></
usr/local/texlive/2023/texmf-dist/fonts/type1/public/amsfonts/cm/cmbx8.pfb></us
r/local/texlive/2023/texmf-dist/fonts/type1/public/amsfonts/cm/cmex10.pfb></usr
/local/texlive/2023/texmf-dist/fonts/type1/public/amsfonts/cm/cmmi10.pfb></usr/
local/texlive/2023/texmf-dist/fonts/type1/public/amsfonts/cm/cmmi12.pfb></usr/l
ocal/texlive/2023/texmf-dist/fonts/type1/public/amsfonts/cm/cmmi6.pfb></usr/loc
al/texlive/2023/texmf-dist/fonts/type1/public/amsfonts/cm/cmmi8.pfb></usr/local
/texlive/2023/texmf-dist/fonts/type1/public/amsfonts/cm/cmr10.pfb></usr/local/t
exlive/2023/texmf-dist/fonts/type1/public/amsfonts/cm/cmr12.pfb></usr/local/tex
live/2023/texmf-dist/fonts/type1/public/amsfonts/cm/cmr17.pfb></usr/local/texli
ve/2023/texmf-dist/fonts/type1/public/amsfonts/cm/cmr6.pfb></usr/local/texlive/
2023/texmf-dist/fonts/type1/public/amsfonts/cm/cmr8.pfb></usr/local/texlive/202
3/texmf-dist/fonts/type1/public/amsfonts/cm/cmsy10.pfb></usr/local/texlive/2023
/texmf-dist/fonts/type1/public/amsfonts/cm/cmsy6.pfb></usr/local/texlive/2023/t
exmf-dist/fonts/type1/public/amsfonts/cm/cmsy7.pfb></usr/local/texlive/2023/tex
mf-dist/fonts/type1/public/amsfonts/cm/cmsy8.pfb></usr/local/texlive/2023/texmf
-dist/fonts/type1/public/amsfonts/cm/cmti10.pfb></usr/local/texlive/2023/texmf-
dist/fonts/type1/public/amsfonts/cm/cmti12.pfb></usr/local/texlive/2023/texmf-d
ist/fonts/type1/public/amsfonts/cm/cmti7.pfb></usr/local/texlive/2023/texmf-dis
t/fonts/type1/public/amsfonts/cm/cmtt12.pfb></usr/local/texlive/2023/texmf-dist
/fonts/type1/public/amsfonts/symbols/msbm10.pfb></usr/local/texlive/2023/texmf-
dist/fonts/type1/public/cm-super/sfrm1200.pfb></usr/local/texlive/2023/texmf-di
st/fonts/type1/public/cm-super/sfti1200.pfb></usr/local/texlive/2023/texmf-dist
/fonts/type1/public/wasy-type1/wasy10.pfb>
Output written on elsarticle-template-num.pdf (38 pages, 423511 bytes).
PDF statistics:
 260 PDF objects out of 1000 (max. 8388607)
 166 compressed objects within 2 object streams
 0 named destinations out of 1000 (max. 500000)
 1 words of extra memory for PDF output out of 10000 (max. 10000000)

